
> Task :compileJava
C:\Users\SSAFY\Repository\S13P31A206\backend\src\main\java\com\readingbuddy\backend\domain\user\entity\TrainedStageHistories.java:21: warning: @Builder will ignore the initializing expression entirely. If you want the initializing expression to serve as default, add @Builder.Default. If it is not supposed to be settable during building, make the field final.
    int TOTAL_COUNT = 5;
        ^
Note: C:\Users\SSAFY\Repository\S13P31A206\backend\src\main\java\com\readingbuddy\backend\domain\train\service\TrainManager.java uses unchecked or unsafe operations.
Note: Recompile with -Xlint:unchecked for details.
1 warning

> Task :processResources
> Task :classes
> Task :compileTestJava
> Task :processTestResources
> Task :testClasses
OpenJDK 64-Bit Server VM warning: Sharing is only supported for boot loader classes because bootstrap classpath has been appended
> Task :test

[Incubating] Problems report is available at: file:///C:/Users/SSAFY/Repository/S13P31A206/backend/build/reports/problems/problems-report.html

BUILD SUCCESSFUL in 6s
5 actionable tasks: 5 executed
